// Jest Snapshot v1, https://goo.gl/fbAQLP

exports[`Test input component Should pass when name, variant, size and placeholder is additional 1`] = `
<input
  autocomplete="off"
  class="w-full outline-none text-md font-normal bg-transparent"
  name="test"
  placeholder="test-placeholder"
  value=""
/>
`;
